INFO: [COSIM-47] Using XSIM for RTL simulation.
INFO: [COSIM-14] Instrumenting C test bench ...
   Build using "C:/Xilinx/Vivado/2019.1/msys64/mingw64/bin/g++"
   Compiling apatb_matrix_vector_mult.cpp
   Compiling (apcc) matmul_tb.c_pre.c.tb.c
INFO: [HLS 200-10] Running 'C:/Xilinx/Vivado/2019.1/bin/unwrapped/win64.o/apcc.exe'
INFO: [HLS 200-10] For user 'lucas' on host 'lucas_notebook' (Windows NT_amd64 version 6.2) on Wed Jun 10 16:28:46 +0200 2026
INFO: [HLS 200-10] In directory 'C:/Users/lucas/HAAI_lab/prj_mul/solution1/sim/wrapc'
clang: warning: argument unused during compilation: '-fno-builtin-isinf'
clang: warning: argument unused during compilation: '-fno-builtin-isnan'
INFO: [APCC 202-3] Tmp directory is apcc_db
INFO: [APCC 202-1] APCC is done.
   Compiling (apcc) matmul.c_pre.c.tb.c
INFO: [HLS 200-10] Running 'C:/Xilinx/Vivado/2019.1/bin/unwrapped/win64.o/apcc.exe'
INFO: [HLS 200-10] For user 'lucas' on host 'lucas_notebook' (Windows NT_amd64 version 6.2) on Wed Jun 10 16:28:51 +0200 2026
INFO: [HLS 200-10] In directory 'C:/Users/lucas/HAAI_lab/prj_mul/solution1/sim/wrapc'
clang: warning: argument unused during compilation: '-fno-builtin-isinf'
clang: warning: argument unused during compilation: '-fno-builtin-isnan'
INFO: [APCC 202-3] Tmp directory is apcc_db
INFO: [APCC 202-1] APCC is done.
   Generating cosim.tv.exe
INFO: [COSIM-302] Starting C TB testing ... 
INFO: [COSIM-333] Generating C post check test bench ...
INFO: [COSIM-12] Generating RTL test bench ...
INFO: [COSIM-1] *** C/RTL co-simulation file generation completed. ***
INFO: [COSIM-323] Starting verilog simulation. 
INFO: [COSIM-15] Starting XSIM ...
INFO: [COSIM-316] Starting C post checking ...
Result vector: 
20 47 74 
Result vector: 
20 47 74 

C:\Users\lucas\HAAI_lab\prj_mul\solution1\sim\verilog>set PATH= 

C:\Users\lucas\HAAI_lab\prj_mul\solution1\sim\verilog>call C:/Xilinx/Vivado/2019.1/bin/xelab xil_defaultlib.apatb_matrix_vector_mult_top glbl -prj matrix_vector_mult.prj -L smartconnect_v1_0 -L axi_protocol_checker_v1_1_12 -L axi_protocol_checker_v1_1_13 -L axis_protocol_checker_v1_1_11 -L axis_protocol_checker_v1_1_12 -L xil_defaultlib -L unisims_ver -L xpm --initfile "C:/Xilinx/Vivado/2019.1/data/xsim/ip/xsim_ip.ini" --lib "ieee_proposed=./ieee_proposed" -s matrix_vector_mult -debug wave 
INFO: [XSIM 43-3496] Using init file passed via -initfile option "C:/Xilinx/Vivado/2019.1/data/xsim/ip/xsim_ip.ini".
Vivado Simulator 2019.1
Copyright 1986-1999, 2001-2019 Xilinx, Inc. All Rights Reserved.
Running: C:/Xilinx/Vivado/2019.1/bin/unwrapped/win64.o/xelab.exe xil_defaultlib.apatb_matrix_vector_mult_top glbl -prj matrix_vector_mult.prj -L smartconnect_v1_0 -L axi_protocol_checker_v1_1_12 -L axi_protocol_checker_v1_1_13 -L axis_protocol_checker_v1_1_11 -L axis_protocol_checker_v1_1_12 -L xil_defaultlib -L unisims_ver -L xpm --initfile C:/Xilinx/Vivado/2019.1/data/xsim/ip/xsim_ip.ini --lib ieee_proposed=./ieee_proposed -s matrix_vector_mult -debug wave 
Multi-threading is on. Using 10 slave threads.
INFO: [VRFC 10-2263] Analyzing SystemVerilog file "C:/Users/lucas/HAAI_lab/prj_mul/solution1/sim/verilog/glbl.v" into library work
INFO: [VRFC 10-311] analyzing module glbl
INFO: [VRFC 10-2263] Analyzing SystemVerilog file "C:/Users/lucas/HAAI_lab/prj_mul/solution1/sim/verilog/AESL_automem_mat.v" into library xil_defaultlib
INFO: [VRFC 10-311] analyzing module AESL_automem_mat
INFO: [VRFC 10-2263] Analyzing SystemVerilog file "C:/Users/lucas/HAAI_lab/prj_mul/solution1/sim/verilog/AESL_automem_result.v" into library xil_defaultlib
INFO: [VRFC 10-311] analyzing module AESL_automem_result
INFO: [VRFC 10-2263] Analyzing SystemVerilog file "C:/Users/lucas/HAAI_lab/prj_mul/solution1/sim/verilog/AESL_automem_vec.v" into library xil_defaultlib
INFO: [VRFC 10-311] analyzing module AESL_automem_vec
INFO: [VRFC 10-2263] Analyzing SystemVerilog file "C:/Users/lucas/HAAI_lab/prj_mul/solution1/sim/verilog/matrix_vector_mult.autotb.v" into library xil_defaultlib
INFO: [VRFC 10-311] analyzing module apatb_matrix_vector_mult_top
INFO: [VRFC 10-2263] Analyzing SystemVerilog file "C:/Users/lucas/HAAI_lab/prj_mul/solution1/sim/verilog/matrix_vector_mult.v" into library xil_defaultlib
INFO: [VRFC 10-311] analyzing module matrix_vector_mult
Starting static elaboration
Completed static elaboration
Starting simulation data flow analysis
Completed simulation data flow analysis
Time Resolution for simulation is 1ps
Compiling module xil_defaultlib.matrix_vector_mult
Compiling module xil_defaultlib.AESL_automem_mat
Compiling module xil_defaultlib.AESL_automem_vec
Compiling module xil_defaultlib.AESL_automem_result
Compiling module xil_defaultlib.apatb_matrix_vector_mult_top
Compiling module work.glbl
Built simulation snapshot matrix_vector_mult

****** Webtalk v2019.1 (64-bit)
  **** SW Build 2552052 on Fri May 24 14:49:42 MDT 2019
  **** IP Build 2548770 on Fri May 24 18:01:18 MDT 2019
    ** Copyright 1986-2019 Xilinx, Inc. All Rights Reserved.

source C:/Users/lucas/HAAI_lab/prj_mul/solution1/sim/verilog/xsim.dir/matrix_vector_mult/webtalk/xsim_webtalk.tcl -notrace
INFO: [Common 17-206] Exiting Webtalk at Wed Jun 10 16:29:02 2026...

****** xsim v2019.1 (64-bit)
  **** SW Build 2552052 on Fri May 24 14:49:42 MDT 2019
  **** IP Build 2548770 on Fri May 24 18:01:18 MDT 2019
    ** Copyright 1986-2019 Xilinx, Inc. All Rights Reserved.

start_gui
INFO: [Common 17-206] Exiting xsim at Wed Jun 10 16:33:53 2026...
Result vector: 
20 47 74 
INFO: [COSIM-1000] *** C/RTL co-simulation finished: PASS ***
INFO: [COSIM-211] II is measurable only when transaction number is greater than 1 in RTL simulation. Otherwise, they will be marked as all NA. If user wants to calculate them, please make sure there are at least 2 transactions in RTL simulation.
